-value1-
-value2-
-value'3-
-value"4-
-value 5-
-value 6-
-value 7-
-value 8-
-value 9 from test2.properties-
-val ue .0-
-value from Environment variable-
-value from stdin-
